
> fcc-imperial-metric-converter-boilerplate@1.0.0 test
> mocha ./tests/ --ui tdd


  1) Uncaught error outside test suite

  0 passing (3ms)
  1 failing

  1) Uncaught error outside test suite:
     Uncaught Error: listen EADDRINUSE: address already in use :::3000
      at Server.setupListenHandle [as _listen2] (node:net:1940:16)
      at listenInCluster (node:net:1997:12)
      at Server.listen (node:net:2102:7)
      at Function.listen (node_modules\express\lib\application.js:635:24)
      at Object.<anonymous> (server.js:44:5)
      at Module._compile (node:internal/modules/cjs/loader:1730:14)
      at Object..js (node:internal/modules/cjs/loader:1895:10)
      at Module.load (node:internal/modules/cjs/loader:1465:32)
      at Function._load (node:internal/modules/cjs/loader:1282:12)
      at TracingChannel.traceSync (node:diagnostics_channel:322:14)
      at wrapModuleLoad (node:internal/modules/cjs/loader:235:24)
      at Module.require (node:internal/modules/cjs/loader:1487:12)
      at require (node:internal/modules/helpers:135:16)
      at Object.<anonymous> (tests\2_functional-tests.js:4:16)
      at Module._compile (node:internal/modules/cjs/loader:1730:14)
      at Object..js (node:internal/modules/cjs/loader:1895:10)
      at Module.load (node:internal/modules/cjs/loader:1465:32)
      at Function._load (node:internal/modules/cjs/loader:1282:12)
      at TracingChannel.traceSync (node:diagnostics_channel:322:14)
      at wrapModuleLoad (node:internal/modules/cjs/loader:235:24)
      at Module.require (node:internal/modules/cjs/loader:1487:12)
      at require (node:internal/modules/helpers:135:16)





  Unit Tests
    √ should correctly read a whole number input
    √ should correctly read a decimal number input
    √ should correctly read a fractional input
    √ should correctly read a fractional input with a decimal
    √ should correctly return an error on a double-fraction
    √ should default to 1 when no number is provided
    √ should correctly read each valid input unit
    √ should return an error for invalid unit
    √ should return the correct return unit for each valid input unit
    √ should return the spelled-out string unit for each valid input unit
    √ should correctly convert gal to L
    √ should correctly convert L to gal
    √ should correctly convert mi to km
    √ should correctly convert km to mi
    √ should correctly convert lbs to kg
    √ should correctly convert kg to lbs

  Functional Tests
    √ Convert a valid input such as 10L (39ms)
    √ Convert an invalid input such as 32g
    √ Convert an invalid number such as 3/7.2/4kg
    √ Convert an invalid number AND unit such as 3/7.2/4kilomegagram
    √ Convert with no number such as kg

